// Jest Snapshot v1, https://goo.gl/fbAQLP

exports[`<BookPage /> has correct elements 1`] = `
<DocumentFragment>
  <main
    class="book-page"
  >
    <h1
      class="page-title"
    >
      Book Recommendations
    </h1>
    <h3
      class="page-subtitle"
    >
      Add a Book
    </h3>
    <div
      class="book-form-wrapper"
    >
      <form
        class="book-form"
      >
        <label>
          Title:
        </label>
        <input
          data-testid="add-book-title"
          placeholder="Type your book title"
          type="text"
          value=""
        />
        <label>
          Author:
        </label>
        <input
          data-testid="add-book-author"
          placeholder="Type your book author"
          type="text"
          value=""
        />
        <label>
          ISBN:
        </label>
        <input
          data-testid="add-book-isbn"
          placeholder="Type your book isbn"
          type="text"
          value=""
        />
        <input
          class="form-submit"
          data-testid="add-book-submit"
          type="submit"
          value="Submit"
        />
      </form>
    </div>
    <div>
      <h3
        class="page-subtitle"
      >
        Saved Books
      </h3>
      <div
        class="book"
      >
        <h5>
          Test 101
        </h5>
        <h6
          class="book-author"
        >
          Tester
        </h6>
        <small>
          1234-4321
        </small>
        <h6
          class="book-toggle-title"
        >
          Not read yet
        </h6>
        <div
          class="book-toggle"
          style="position: relative; display: inline-block; text-align: left; opacity: 1; direction: ltr; border-radius: 14px; transition: opacity 0.25s; user-select: none;"
        >
          <div
            class="react-switch-bg"
            style="height: 28px; width: 56px; margin: 0px; position: relative; background: rgb(136, 136, 136); border-radius: 14px; cursor: pointer; transition: background 0.25s;"
          >
            <div
              style="height: 28px; width: 30px; position: relative; opacity: 0; pointer-events: none; transition: opacity 0.25s;"
            >
              <svg
                height="100%"
                style="position: absolute; top: 0px;"
                viewBox="-2 -5 17 21"
                width="100%"
              >
                <path
                  d="M11.264 0L5.26 6.004 2.103 2.847 0 4.95l5.26 5.26 8.108-8.107L11.264 0"
                  fill="#fff"
                  fill-rule="evenodd"
                />
              </svg>
            </div>
            <div
              style="height: 28px; width: 30px; position: absolute; opacity: 1; right: 0px; top: 0px; pointer-events: none; transition: opacity 0.25s;"
            >
              <svg
                height="100%"
                style="position: absolute; top: 0px;"
                viewBox="-2 -5 14 20"
                width="100%"
              >
                <path
                  d="M9.9 2.12L7.78 0 4.95 2.828 2.12 0 0 2.12l2.83 2.83L0 7.776 2.123 9.9 4.95 7.07 7.78 9.9 9.9 7.776 7.072 4.95 9.9 2.12"
                  fill="#fff"
                  fill-rule="evenodd"
                />
              </svg>
            </div>
          </div>
          <div
            class="react-switch-handle"
            style="height: 26px; width: 26px; background: rgb(255, 255, 255); display: inline-block; cursor: pointer; border-radius: 50%; position: absolute; transform: translateX(1px); top: 1px; outline: 0; border: 0px; transition: background-color 0.25s, transform 0.25s, box-shadow 0.15s;"
          />
          <input
            role="switch"
            style="border: 0px; height: 1px; margin: -1px; overflow: hidden; padding: 0px; position: absolute; width: 1px;"
            type="checkbox"
          />
        </div>
        <h6
          class="book-tag-title"
        >
          Tags:
        </h6>
        <ul>
          <li>
            Tag #1
          </li>
          <li>
            Tag #2
          </li>
        </ul>
      </div>
      <div
        class="book"
      >
        <h5>
          Only Title
        </h5>
        <h6
          class="book-toggle-title"
        >
          Not read yet
        </h6>
        <div
          class="book-toggle"
          style="position: relative; display: inline-block; text-align: left; opacity: 1; direction: ltr; border-radius: 14px; transition: opacity 0.25s; user-select: none;"
        >
          <div
            class="react-switch-bg"
            style="height: 28px; width: 56px; margin: 0px; position: relative; background: rgb(136, 136, 136); border-radius: 14px; cursor: pointer; transition: background 0.25s;"
          >
            <div
              style="height: 28px; width: 30px; position: relative; opacity: 0; pointer-events: none; transition: opacity 0.25s;"
            >
              <svg
                height="100%"
                style="position: absolute; top: 0px;"
                viewBox="-2 -5 17 21"
                width="100%"
              >
                <path
                  d="M11.264 0L5.26 6.004 2.103 2.847 0 4.95l5.26 5.26 8.108-8.107L11.264 0"
                  fill="#fff"
                  fill-rule="evenodd"
                />
              </svg>
            </div>
            <div
              style="height: 28px; width: 30px; position: absolute; opacity: 1; right: 0px; top: 0px; pointer-events: none; transition: opacity 0.25s;"
            >
              <svg
                height="100%"
                style="position: absolute; top: 0px;"
                viewBox="-2 -5 14 20"
                width="100%"
              >
                <path
                  d="M9.9 2.12L7.78 0 4.95 2.828 2.12 0 0 2.12l2.83 2.83L0 7.776 2.123 9.9 4.95 7.07 7.78 9.9 9.9 7.776 7.072 4.95 9.9 2.12"
                  fill="#fff"
                  fill-rule="evenodd"
                />
              </svg>
            </div>
          </div>
          <div
            class="react-switch-handle"
            style="height: 26px; width: 26px; background: rgb(255, 255, 255); display: inline-block; cursor: pointer; border-radius: 50%; position: absolute; transform: translateX(1px); top: 1px; outline: 0; border: 0px; transition: background-color 0.25s, transform 0.25s, box-shadow 0.15s;"
          />
          <input
            role="switch"
            style="border: 0px; height: 1px; margin: -1px; overflow: hidden; padding: 0px; position: absolute; width: 1px;"
            type="checkbox"
          />
        </div>
        <h6
          class="book-tag-title"
        >
          Tags:
        </h6>
      </div>
    </div>
  </main>
</DocumentFragment>
`;
